// Vitest Snapshot v1, https://vitest.dev/guide/snapshot.html

exports[`game > routes > components > GamePage > LoadingPanel > renders loading off 1`] = `<div />`;

exports[`game > routes > components > GamePage > LoadingPanel > renders loading on 1`] = `
<div>
  <h2
    class="loading panel"
  >
    <div
      class="Spinner"
    >
      <svg
        class="Spinner_svg"
        height="40"
        version="1"
        viewBox="0 0 40 40"
        width="40"
      >
        <circle
          cx="20"
          cy="20"
          id="bg"
          r="18"
        />
        <circle
          cx="20"
          cy="20"
          id="fg"
          r="18"
        />
      </svg>
    </div>
    <span>
      LOADING
    </span>
  </h2>
</div>
`;
